// Jest Snapshot v1, https://goo.gl/fbAQLP

exports[`Test about <PrimeraApp /> It should show <PrimeraApp /> correctamente 1`] = `
<Fragment>
  <h1>
    Hola Luis
    !!! 
  </h1>
  <p>
    Subtitulo
  </p>
</Fragment>
`;
